Archive member included because of file (symbol)

/usr/lib/i386-linux-gnu/libc_nonshared.a(elf-init.oS)
                              /usr/lib/i386-linux-gnu/gcc/i686-linux-gnu/4.5.2/../../../crt1.o (__libc_csu_init)

Discarded input sections

 .note.GNU-stack
                0x0000000000000000        0x0 /usr/lib/i386-linux-gnu/gcc/i686-linux-gnu/4.5.2/../../../crt1.o
 .gnu_debuglink
                0x0000000000000000        0xc /usr/lib/i386-linux-gnu/gcc/i686-linux-gnu/4.5.2/../../../crt1.o
 .note.GNU-stack
                0x0000000000000000        0x0 /usr/lib/i386-linux-gnu/gcc/i686-linux-gnu/4.5.2/../../../crti.o
 .gnu_debuglink
                0x0000000000000000        0xc /usr/lib/i386-linux-gnu/gcc/i686-linux-gnu/4.5.2/../../../crti.o
 .note.GNU-stack
                0x0000000000000000        0x0 /usr/lib/i386-linux-gnu/gcc/i686-linux-gnu/4.5.2/crtbegin.o
 .note.GNU-stack
                0x0000000000000000        0x0 /tmp/ccz9jzar.o
 .group         0x0000000000000000        0x8 /usr/lib/i386-linux-gnu/libc_nonshared.a(elf-init.oS)
 .note.GNU-stack
                0x0000000000000000        0x0 /usr/lib/i386-linux-gnu/libc_nonshared.a(elf-init.oS)
 .note.GNU-stack
                0x0000000000000000        0x0 /usr/lib/i386-linux-gnu/gcc/i686-linux-gnu/4.5.2/crtend.o
 .note.GNU-stack
                0x0000000000000000        0x0 /usr/lib/i386-linux-gnu/gcc/i686-linux-gnu/4.5.2/../../../crtn.o
 .gnu_debuglink
                0x0000000000000000        0xc /usr/lib/i386-linux-gnu/gcc/i686-linux-gnu/4.5.2/../../../crtn.o

Memory Configuration

Name             Origin             Length             Attributes
*default*        0x0000000000000000 0xffffffffffffffff

Linker script and memory map

LOAD /usr/lib/i386-linux-gnu/gcc/i686-linux-gnu/4.5.2/../../../crt1.o
LOAD /usr/lib/i386-linux-gnu/gcc/i686-linux-gnu/4.5.2/../../../crti.o
LOAD /usr/lib/i386-linux-gnu/gcc/i686-linux-gnu/4.5.2/crtbegin.o
LOAD /tmp/ccz9jzar.o
LOAD /usr/lib/i386-linux-gnu/gcc/i686-linux-gnu/4.5.2/libgcc.a
LOAD /usr/lib/i386-linux-gnu/gcc/i686-linux-gnu/4.5.2/libgcc_s.so
LOAD /usr/lib/i386-linux-gnu/gcc/i686-linux-gnu/4.5.2/../../../libc.so
START GROUP
LOAD /lib/i386-linux-gnu/libc.so.6
LOAD /usr/lib/i386-linux-gnu/libc_nonshared.a
LOAD /lib/i386-linux-gnu/ld-linux.so.2
END GROUP
LOAD /usr/lib/i386-linux-gnu/gcc/i686-linux-gnu/4.5.2/libgcc.a
LOAD /usr/lib/i386-linux-gnu/gcc/i686-linux-gnu/4.5.2/libgcc_s.so
LOAD /usr/lib/i386-linux-gnu/gcc/i686-linux-gnu/4.5.2/crtend.o
LOAD /usr/lib/i386-linux-gnu/gcc/i686-linux-gnu/4.5.2/../../../crtn.o
                0x0000000008048000                PROVIDE (__executable_start, 0x8048000)
                0x0000000008048134                . = (0x8048000 + SIZEOF_HEADERS)

.interp         0x0000000008048134       0x13
 *(.interp)
 .interp        0x0000000008048134       0x13 /usr/lib/i386-linux-gnu/gcc/i686-linux-gnu/4.5.2/../../../crt1.o

.note.ABI-tag   0x0000000008048148       0x20
 .note.ABI-tag  0x0000000008048148       0x20 /usr/lib/i386-linux-gnu/gcc/i686-linux-gnu/4.5.2/../../../crt1.o

.note.gnu.build-id
                0x0000000008048168       0x24
 *(.note.gnu.build-id)
 .note.gnu.build-id
                0x0000000008048168       0x24 /usr/lib/i386-linux-gnu/gcc/i686-linux-gnu/4.5.2/../../../crt1.o

.hash
 *(.hash)

.gnu.hash       0x000000000804818c       0x20
 *(.gnu.hash)
 .gnu.hash      0x000000000804818c       0x20 /usr/lib/i386-linux-gnu/gcc/i686-linux-gnu/4.5.2/../../../crt1.o

.dynsym         0x00000000080481ac       0x50
 *(.dynsym)
 .dynsym        0x00000000080481ac       0x50 /usr/lib/i386-linux-gnu/gcc/i686-linux-gnu/4.5.2/../../../crt1.o

.dynstr         0x00000000080481fc       0x4a
 *(.dynstr)
 .dynstr        0x00000000080481fc       0x4a /usr/lib/i386-linux-gnu/gcc/i686-linux-gnu/4.5.2/../../../crt1.o

.gnu.version    0x0000000008048246        0xa
 *(.gnu.version)
 .gnu.version   0x0000000008048246        0xa /usr/lib/i386-linux-gnu/gcc/i686-linux-gnu/4.5.2/../../../crt1.o

.gnu.version_d  0x0000000008048250        0x0
 *(.gnu.version_d)
 .gnu.version_d
                0x0000000000000000        0x0 /usr/lib/i386-linux-gnu/gcc/i686-linux-gnu/4.5.2/../../../crt1.o

.gnu.version_r  0x0000000008048250       0x20
 *(.gnu.version_r)
 .gnu.version_r
                0x0000000008048250       0x20 /usr/lib/i386-linux-gnu/gcc/i686-linux-gnu/4.5.2/../../../crt1.o

.rel.dyn        0x0000000008048270        0x8
 *(.rel.init)
 *(.rel.text .rel.text.* .rel.gnu.linkonce.t.*)
 .rel.text      0x0000000000000000        0x0 /usr/lib/i386-linux-gnu/gcc/i686-linux-gnu/4.5.2/../../../crt1.o
 *(.rel.fini)
 *(.rel.rodata .rel.rodata.* .rel.gnu.linkonce.r.*)
 *(.rel.data.rel.ro* .rel.gnu.linkonce.d.rel.ro.*)
 *(.rel.data .rel.data.* .rel.gnu.linkonce.d.*)
 *(.rel.tdata .rel.tdata.* .rel.gnu.linkonce.td.*)
 *(.rel.tbss .rel.tbss.* .rel.gnu.linkonce.tb.*)
 *(.rel.ctors)
 *(.rel.dtors)
 *(.rel.got)
 .rel.got       0x0000000008048270        0x8 /usr/lib/i386-linux-gnu/gcc/i686-linux-gnu/4.5.2/../../../crt1.o
 *(.rel.bss .rel.bss.* .rel.gnu.linkonce.b.*)
 .rel.bss       0x0000000000000000        0x0 /usr/lib/i386-linux-gnu/gcc/i686-linux-gnu/4.5.2/../../../crt1.o
 *(.rel.ifunc)

.rel.plt        0x0000000008048278       0x18
 *(.rel.plt)
 .rel.plt       0x0000000008048278       0x18 /usr/lib/i386-linux-gnu/gcc/i686-linux-gnu/4.5.2/../../../crt1.o
                0x0000000008048290                PROVIDE (__rel_iplt_start, .)
 *(.rel.iplt)
 .rel.iplt      0x0000000000000000        0x0 /usr/lib/i386-linux-gnu/gcc/i686-linux-gnu/4.5.2/../../../crt1.o
                0x0000000008048290                PROVIDE (__rel_iplt_end, .)

.init           0x0000000008048290       0x30
 *(.init)
 .init          0x0000000008048290       0x22 /usr/lib/i386-linux-gnu/gcc/i686-linux-gnu/4.5.2/../../../crti.o
                0x0000000008048290                _init
 .init          0x00000000080482b2        0x5 /usr/lib/i386-linux-gnu/gcc/i686-linux-gnu/4.5.2/crtbegin.o
 .init          0x00000000080482b7        0x5 /usr/lib/i386-linux-gnu/gcc/i686-linux-gnu/4.5.2/crtend.o
 .init          0x00000000080482bc        0x4 /usr/lib/i386-linux-gnu/gcc/i686-linux-gnu/4.5.2/../../../crtn.o

.plt            0x00000000080482c0       0x40
 *(.plt)
 .plt           0x00000000080482c0       0x40 /usr/lib/i386-linux-gnu/gcc/i686-linux-gnu/4.5.2/../../../crt1.o
                0x00000000080482e0                __libc_start_main@@GLIBC_2.0
                0x00000000080482f0                puts@@GLIBC_2.0
 *(.iplt)
 .iplt          0x0000000000000000        0x0 /usr/lib/i386-linux-gnu/gcc/i686-linux-gnu/4.5.2/../../../crt1.o

.text           0x0000000008048300      0x16c
 *(.text.unlikely .text.*_unlikely)
 *(.text.exit .text.exit.*)
 *(.text.startup .text.startup.*)
 *(.text.hot .text.hot.*)
 *(.text .stub .text.* .gnu.linkonce.t.*)
 .text          0x0000000008048300       0x24 /usr/lib/i386-linux-gnu/gcc/i686-linux-gnu/4.5.2/../../../crt1.o
                0x0000000008048300                _start
 .text          0x0000000008048324        0x0 /usr/lib/i386-linux-gnu/gcc/i686-linux-gnu/4.5.2/../../../crti.o
 *fill*         0x0000000008048324        0xc 90909090
 .text          0x0000000008048330       0x83 /usr/lib/i386-linux-gnu/gcc/i686-linux-gnu/4.5.2/crtbegin.o
 *fill*         0x00000000080483b3        0x1 90909090
 .text          0x00000000080483b4       0x1c /tmp/ccz9jzar.o
                0x00000000080483b4                main
 .text          0x00000000080483d0       0x65 /usr/lib/i386-linux-gnu/libc_nonshared.a(elf-init.oS)
                0x00000000080483d0                __libc_csu_init
                0x0000000008048430                __libc_csu_fini
 .text.__i686.get_pc_thunk.bx
                0x0000000008048435        0x4 /usr/lib/i386-linux-gnu/libc_nonshared.a(elf-init.oS)
                0x0000000008048435                __i686.get_pc_thunk.bx
 *fill*         0x0000000008048439        0x7 90909090
 .text          0x0000000008048440       0x2a /usr/lib/i386-linux-gnu/gcc/i686-linux-gnu/4.5.2/crtend.o
 *fill*         0x000000000804846a        0x2 90909090
 .text          0x000000000804846c        0x0 /usr/lib/i386-linux-gnu/gcc/i686-linux-gnu/4.5.2/../../../crtn.o
 *(.gnu.warning)

.fini           0x000000000804846c       0x1c
 *(.fini)
 .fini          0x000000000804846c       0x13 /usr/lib/i386-linux-gnu/gcc/i686-linux-gnu/4.5.2/../../../crti.o
                0x000000000804846c                _fini
 .fini          0x000000000804847f        0x5 /usr/lib/i386-linux-gnu/gcc/i686-linux-gnu/4.5.2/crtbegin.o
 .fini          0x0000000008048484        0x4 /usr/lib/i386-linux-gnu/gcc/i686-linux-gnu/4.5.2/../../../crtn.o
                0x0000000008048488                PROVIDE (__etext, .)
                0x0000000008048488                PROVIDE (_etext, .)
                0x0000000008048488                PROVIDE (etext, .)

.rodata         0x0000000008048488       0x15
 *(.rodata .rodata.* .gnu.linkonce.r.*)
 .rodata        0x0000000008048488        0x4 /usr/lib/i386-linux-gnu/gcc/i686-linux-gnu/4.5.2/../../../crt1.o
                0x0000000008048488                _fp_hw
 .rodata.cst4   0x000000000804848c        0x4 /usr/lib/i386-linux-gnu/gcc/i686-linux-gnu/4.5.2/../../../crt1.o
                0x000000000804848c                _IO_stdin_used
 .rodata        0x0000000008048490        0xd /tmp/ccz9jzar.o

.rodata1
 *(.rodata1)

.eh_frame_hdr   0x00000000080484a0        0x0
 *(.eh_frame_hdr)
 .eh_frame_hdr  0x0000000000000000        0x0 /usr/lib/i386-linux-gnu/gcc/i686-linux-gnu/4.5.2/../../../crtn.o

.eh_frame       0x00000000080484a0        0x4
 *(.eh_frame)
 .eh_frame      0x00000000080484a0        0x4 /usr/lib/i386-linux-gnu/gcc/i686-linux-gnu/4.5.2/crtend.o

.gcc_except_table
 *(.gcc_except_table .gcc_except_table.*)
                0x00000000080484a4                . = (ALIGN (0x1000) - ((0x1000 - .) & 0xfff))
                0x0000000008049f14                . = DATA_SEGMENT_ALIGN (0x1000, 0x1000)

.eh_frame
 *(.eh_frame)

.gcc_except_table
 *(.gcc_except_table .gcc_except_table.*)

.tdata
 *(.tdata .tdata.* .gnu.linkonce.td.*)

.tbss
 *(.tbss .tbss.* .gnu.linkonce.tb.*)
 *(.tcommon)

.preinit_array  0x0000000008049f14        0x0
                0x0000000008049f14                PROVIDE (__preinit_array_start, .)
 *(.preinit_array)
                0x0000000008049f14                PROVIDE (__preinit_array_end, .)

.init_array     0x0000000008049f14        0x0
                0x0000000008049f14                PROVIDE (__init_array_start, .)
 *(SORT(.init_array.*))
 *(.init_array)
                0x0000000008049f14                PROVIDE (__init_array_end, .)

.fini_array     0x0000000008049f14        0x0
                0x0000000008049f14                PROVIDE (__fini_array_start, .)
 *(SORT(.fini_array.*))
 *(.fini_array)
                0x0000000008049f14                PROVIDE (__fini_array_end, .)

.ctors          0x0000000008049f14        0x8
 *crtbegin.o(.ctors)
 .ctors         0x0000000008049f14        0x4 /usr/lib/i386-linux-gnu/gcc/i686-linux-gnu/4.5.2/crtbegin.o
 *crtbegin?.o(.ctors)
 *(EXCLUDE_FILE(*crtend?.o *crtend.o) .ctors)
 *(SORT(.ctors.*))
 *(.ctors)
 .ctors         0x0000000008049f18        0x4 /usr/lib/i386-linux-gnu/gcc/i686-linux-gnu/4.5.2/crtend.o

.dtors          0x0000000008049f1c        0x8
 *crtbegin.o(.dtors)
 .dtors         0x0000000008049f1c        0x4 /usr/lib/i386-linux-gnu/gcc/i686-linux-gnu/4.5.2/crtbegin.o
 *crtbegin?.o(.dtors)
 *(EXCLUDE_FILE(*crtend?.o *crtend.o) .dtors)
 *(SORT(.dtors.*))
 *(.dtors)
 .dtors         0x0000000008049f20        0x4 /usr/lib/i386-linux-gnu/gcc/i686-linux-gnu/4.5.2/crtend.o
                0x0000000008049f20                __DTOR_END__

.jcr            0x0000000008049f24        0x4
 *(.jcr)
 .jcr           0x0000000008049f24        0x0 /usr/lib/i386-linux-gnu/gcc/i686-linux-gnu/4.5.2/crtbegin.o
 .jcr           0x0000000008049f24        0x4 /usr/lib/i386-linux-gnu/gcc/i686-linux-gnu/4.5.2/crtend.o

.data.rel.ro
 *(.data.rel.ro.local* .gnu.linkonce.d.rel.ro.local.*)
 *(.data.rel.ro* .gnu.linkonce.d.rel.ro.*)

.dynamic        0x0000000008049f28       0xc8
 *(.dynamic)
 .dynamic       0x0000000008049f28       0xc8 /usr/lib/i386-linux-gnu/gcc/i686-linux-gnu/4.5.2/../../../crt1.o
                0x0000000008049f28                _DYNAMIC

.got            0x0000000008049ff0        0x4
 *(.got)
 .got           0x0000000008049ff0        0x4 /usr/lib/i386-linux-gnu/gcc/i686-linux-gnu/4.5.2/../../../crt1.o
 *(.igot)
                0x0000000008049ff4                . = DATA_SEGMENT_RELRO_END (., 0xc)

.got.plt        0x0000000008049ff4       0x18
 *(.got.plt)
 .got.plt       0x0000000008049ff4       0x18 /usr/lib/i386-linux-gnu/gcc/i686-linux-gnu/4.5.2/../../../crt1.o
                0x0000000008049ff4                _GLOBAL_OFFSET_TABLE_
 *(.igot.plt)
 .igot.plt      0x0000000000000000        0x0 /usr/lib/i386-linux-gnu/gcc/i686-linux-gnu/4.5.2/../../../crt1.o

.data           0x000000000804a00c        0x8
 *(.data .data.* .gnu.linkonce.d.*)
 .data          0x000000000804a00c        0x4 /usr/lib/i386-linux-gnu/gcc/i686-linux-gnu/4.5.2/../../../crt1.o
                0x000000000804a00c                data_start
                0x000000000804a00c                __data_start
 .data          0x000000000804a010        0x0 /usr/lib/i386-linux-gnu/gcc/i686-linux-gnu/4.5.2/../../../crti.o
 .data          0x000000000804a010        0x4 /usr/lib/i386-linux-gnu/gcc/i686-linux-gnu/4.5.2/crtbegin.o
                0x000000000804a010                __dso_handle
 .data          0x000000000804a014        0x0 /tmp/ccz9jzar.o
 .data          0x000000000804a014        0x0 /usr/lib/i386-linux-gnu/libc_nonshared.a(elf-init.oS)
 .data          0x000000000804a014        0x0 /usr/lib/i386-linux-gnu/gcc/i686-linux-gnu/4.5.2/crtend.o
 .data          0x000000000804a014        0x0 /usr/lib/i386-linux-gnu/gcc/i686-linux-gnu/4.5.2/../../../crtn.o

.data1
 *(.data1)
                0x000000000804a014                _edata = .
                0x000000000804a014                PROVIDE (edata, .)
                0x000000000804a014                __bss_start = .

.bss            0x000000000804a014        0x8
 *(.dynbss)
 .dynbss        0x0000000000000000        0x0 /usr/lib/i386-linux-gnu/gcc/i686-linux-gnu/4.5.2/../../../crt1.o
 *(.bss .bss.* .gnu.linkonce.b.*)
 .bss           0x000000000804a014        0x0 /usr/lib/i386-linux-gnu/gcc/i686-linux-gnu/4.5.2/../../../crt1.o
 .bss           0x000000000804a014        0x0 /usr/lib/i386-linux-gnu/gcc/i686-linux-gnu/4.5.2/../../../crti.o
 .bss           0x000000000804a014        0x8 /usr/lib/i386-linux-gnu/gcc/i686-linux-gnu/4.5.2/crtbegin.o
 .bss           0x000000000804a01c        0x0 /tmp/ccz9jzar.o
 .bss           0x000000000804a01c        0x0 /usr/lib/i386-linux-gnu/libc_nonshared.a(elf-init.oS)
 .bss           0x000000000804a01c        0x0 /usr/lib/i386-linux-gnu/gcc/i686-linux-gnu/4.5.2/crtend.o
 .bss           0x000000000804a01c        0x0 /usr/lib/i386-linux-gnu/gcc/i686-linux-gnu/4.5.2/../../../crtn.o
 *(COMMON)
                0x000000000804a01c                . = ALIGN ((. != 0x0)?0x4:0x1)
                0x000000000804a01c                . = ALIGN (0x4)
                0x000000000804a01c                . = ALIGN (0x4)
                0x000000000804a01c                _end = .
                0x000000000804a01c                PROVIDE (end, .)
                0x000000000804a01c                . = DATA_SEGMENT_END (.)

.stab
 *(.stab)

.stabstr
 *(.stabstr)

.stab.excl
 *(.stab.excl)

.stab.exclstr
 *(.stab.exclstr)

.stab.index
 *(.stab.index)

.stab.indexstr
 *(.stab.indexstr)

.comment        0x0000000000000000       0x54
 *(.comment)
 .comment       0x0000000000000000       0x2a /usr/lib/i386-linux-gnu/gcc/i686-linux-gnu/4.5.2/crtbegin.o
                                         0x2b (size before relaxing)
 .comment       0x0000000000000000       0x2b /tmp/ccz9jzar.o
 .comment       0x000000000000002a       0x2a /usr/lib/i386-linux-gnu/libc_nonshared.a(elf-init.oS)
                                         0x2b (size before relaxing)
 .comment       0x0000000000000000       0x2b /usr/lib/i386-linux-gnu/gcc/i686-linux-gnu/4.5.2/crtend.o

.debug
 *(.debug)

.line
 *(.line)

.debug_srcinfo
 *(.debug_srcinfo)

.debug_sfnames
 *(.debug_sfnames)

.debug_aranges
 *(.debug_aranges)

.debug_pubnames
 *(.debug_pubnames)

.debug_info
 *(.debug_info .gnu.linkonce.wi.*)

.debug_abbrev
 *(.debug_abbrev)

.debug_line
 *(.debug_line)

.debug_frame
 *(.debug_frame)

.debug_str
 *(.debug_str)

.debug_loc
 *(.debug_loc)

.debug_macinfo
 *(.debug_macinfo)

.debug_weaknames
 *(.debug_weaknames)

.debug_funcnames
 *(.debug_funcnames)

.debug_typenames
 *(.debug_typenames)

.debug_varnames
 *(.debug_varnames)

.debug_pubtypes
 *(.debug_pubtypes)

.debug_ranges
 *(.debug_ranges)

.gnu.attributes
 *(.gnu.attributes)

/DISCARD/
 *(.note.GNU-stack)
 *(.gnu_debuglink)
 *(.gnu.lto_*)
OUTPUT(a.out elf32-i386)
